12:43:44 **** Incremental Build of configuration Release for project libpixy_m0 ****
make -r all 
Building file: ../src/debug_frmwrk.c
Invoking: MCU C Compiler
arm-none-eabi-gcc -DIPC_SLAVE -DPIXY -D__REDLIB__ -D__MULTICORE_NONE -DNDEBUG -D__CODE_RED -DCORE_M0 -DCR_PRINTF_CHAR -D__LPC43XX__ -I"C:\Users\tmelniko\Documents\GitHub\PixyFirmware\PixyFirmware\src\device\libpixy_m0\inc" -I../../common/inc -I../../../common/inc -O0 -g -Wall -c -fmessage-length=0 -fno-builtin -ffunction-sections -fdata-sections -mcpu=cortex-m0 -mthumb -D__REDLIB__ -specs=redlib.specs -MMD -MP -MF"src/debug_frmwrk.d" -MT"src/debug_frmwrk.o" -MT"src/debug_frmwrk.d" -o "src/debug_frmwrk.o" "../src/debug_frmwrk.c"
Finished building: ../src/debug_frmwrk.c
 
Building file: ../src/ipc_mbx.c
Invoking: MCU C Compiler
arm-none-eabi-gcc -DIPC_SLAVE -DPIXY -D__REDLIB__ -D__MULTICORE_NONE -DNDEBUG -D__CODE_RED -DCORE_M0 -DCR_PRINTF_CHAR -D__LPC43XX__ -I"C:\Users\tmelniko\Documents\GitHub\PixyFirmware\PixyFirmware\src\device\libpixy_m0\inc" -I../../common/inc -I../../../common/inc -O0 -g -Wall -c -fmessage-length=0 -fno-builtin -ffunction-sections -fdata-sections -mcpu=cortex-m0 -mthumb -D__REDLIB__ -specs=redlib.specs -MMD -MP -MF"src/ipc_mbx.d" -MT"src/ipc_mbx.o" -MT"src/ipc_mbx.d" -o "src/ipc_mbx.o" "../src/ipc_mbx.c"
../src/ipc_mbx.c: In function 'IPC_resetMbxFlag':
../src/ipc_mbx.c:55:4: warning: 'wasMasked' is used uninitialized in this function [-Wuninitialized]
  if(!wasMasked)  __enable_irq();\
    ^
../src/ipc_mbx.c:58:27: note: 'wasMasked' was declared here
  #define IRQ_LOCK_KEY int wasMasked;
                           ^
../src/ipc_mbx.c:82:3: note: in expansion of macro 'IRQ_LOCK_KEY'
   IRQ_LOCK_KEY
   ^
../src/ipc_mbx.c: In function '_setMbxStatus':
../src/ipc_mbx.c:55:4: warning: 'wasMasked' is used uninitialized in this function [-Wuninitialized]
  if(!wasMasked)  __enable_irq();\
    ^
../src/ipc_mbx.c:58:27: note: 'wasMasked' was declared here
  #define IRQ_LOCK_KEY int wasMasked;
                           ^
../src/ipc_mbx.c:104:2: note: in expansion of macro 'IRQ_LOCK_KEY'
  IRQ_LOCK_KEY
  ^
Finished building: ../src/ipc_mbx.c
 
Building file: ../src/lpc43xx_adc.c
Invoking: MCU C Compiler
arm-none-eabi-gcc -DIPC_SLAVE -DPIXY -D__REDLIB__ -D__MULTICORE_NONE -DNDEBUG -D__CODE_RED -DCORE_M0 -DCR_PRINTF_CHAR -D__LPC43XX__ -I"C:\Users\tmelniko\Documents\GitHub\PixyFirmware\PixyFirmware\src\device\libpixy_m0\inc" -I../../common/inc -I../../../common/inc -O0 -g -Wall -c -fmessage-length=0 -fno-builtin -ffunction-sections -fdata-sections -mcpu=cortex-m0 -mthumb -D__REDLIB__ -specs=redlib.specs -MMD -MP -MF"src/lpc43xx_adc.d" -MT"src/lpc43xx_adc.o" -MT"src/lpc43xx_adc.d" -o "src/lpc43xx_adc.o" "../src/lpc43xx_adc.c"
Finished building: ../src/lpc43xx_adc.c
 
Building file: ../src/lpc43xx_cgu.c
Invoking: MCU C Compiler
arm-none-eabi-gcc -DIPC_SLAVE -DPIXY -D__REDLIB__ -D__MULTICORE_NONE -DNDEBUG -D__CODE_RED -DCORE_M0 -DCR_PRINTF_CHAR -D__LPC43XX__ -I"C:\Users\tmelniko\Documents\GitHub\PixyFirmware\PixyFirmware\src\device\libpixy_m0\inc" -I../../common/inc -I../../../common/inc -O0 -g -Wall -c -fmessage-length=0 -fno-builtin -ffunction-sections -fdata-sections -mcpu=cortex-m0 -mthumb -D__REDLIB__ -specs=redlib.specs -MMD -MP -MF"src/lpc43xx_cgu.d" -MT"src/lpc43xx_cgu.o" -MT"src/lpc43xx_cgu.d" -o "src/lpc43xx_cgu.o" "../src/lpc43xx_cgu.c"
Finished building: ../src/lpc43xx_cgu.c
 
Building file: ../src/lpc43xx_i2c.c
Invoking: MCU C Compiler
arm-none-eabi-gcc -DIPC_SLAVE -DPIXY -D__REDLIB__ -D__MULTICORE_NONE -DNDEBUG -D__CODE_RED -DCORE_M0 -DCR_PRINTF_CHAR -D__LPC43XX__ -I"C:\Users\tmelniko\Documents\GitHub\PixyFirmware\PixyFirmware\src\device\libpixy_m0\inc" -I../../common/inc -I../../../common/inc -O0 -g -Wall -c -fmessage-length=0 -fno-builtin -ffunction-sections -fdata-sections -mcpu=cortex-m0 -mthumb -D__REDLIB__ -specs=redlib.specs -MMD -MP -MF"src/lpc43xx_i2c.d" -MT"src/lpc43xx_i2c.o" -MT"src/lpc43xx_i2c.d" -o "src/lpc43xx_i2c.o" "../src/lpc43xx_i2c.c"
Finished building: ../src/lpc43xx_i2c.c
 
Building file: ../src/lpc43xx_scu.c
Invoking: MCU C Compiler
arm-none-eabi-gcc -DIPC_SLAVE -DPIXY -D__REDLIB__ -D__MULTICORE_NONE -DNDEBUG -D__CODE_RED -DCORE_M0 -DCR_PRINTF_CHAR -D__LPC43XX__ -I"C:\Users\tmelniko\Documents\GitHub\PixyFirmware\PixyFirmware\src\device\libpixy_m0\inc" -I../../common/inc -I../../../common/inc -O0 -g -Wall -c -fmessage-length=0 -fno-builtin -ffunction-sections -fdata-sections -mcpu=cortex-m0 -mthumb -D__REDLIB__ -specs=redlib.specs -MMD -MP -MF"src/lpc43xx_scu.d" -MT"src/lpc43xx_scu.o" -MT"src/lpc43xx_scu.d" -o "src/lpc43xx_scu.o" "../src/lpc43xx_scu.c"
Finished building: ../src/lpc43xx_scu.c
 
Building file: ../src/lpc43xx_ssp.c
Invoking: MCU C Compiler
arm-none-eabi-gcc -DIPC_SLAVE -DPIXY -D__REDLIB__ -D__MULTICORE_NONE -DNDEBUG -D__CODE_RED -DCORE_M0 -DCR_PRINTF_CHAR -D__LPC43XX__ -I"C:\Users\tmelniko\Documents\GitHub\PixyFirmware\PixyFirmware\src\device\libpixy_m0\inc" -I../../common/inc -I../../../common/inc -O0 -g -Wall -c -fmessage-length=0 -fno-builtin -ffunction-sections -fdata-sections -mcpu=cortex-m0 -mthumb -D__REDLIB__ -specs=redlib.specs -MMD -MP -MF"src/lpc43xx_ssp.d" -MT"src/lpc43xx_ssp.o" -MT"src/lpc43xx_ssp.d" -o "src/lpc43xx_ssp.o" "../src/lpc43xx_ssp.c"
Finished building: ../src/lpc43xx_ssp.c
 
Building file: ../src/lpc43xx_uart.c
Invoking: MCU C Compiler
arm-none-eabi-gcc -DIPC_SLAVE -DPIXY -D__REDLIB__ -D__MULTICORE_NONE -DNDEBUG -D__CODE_RED -DCORE_M0 -DCR_PRINTF_CHAR -D__LPC43XX__ -I"C:\Users\tmelniko\Documents\GitHub\PixyFirmware\PixyFirmware\src\device\libpixy_m0\inc" -I../../common/inc -I../../../common/inc -O0 -g -Wall -c -fmessage-length=0 -fno-builtin -ffunction-sections -fdata-sections -mcpu=cortex-m0 -mthumb -D__REDLIB__ -specs=redlib.specs -MMD -MP -MF"src/lpc43xx_uart.d" -MT"src/lpc43xx_uart.o" -MT"src/lpc43xx_uart.d" -o "src/lpc43xx_uart.o" "../src/lpc43xx_uart.c"
Finished building: ../src/lpc43xx_uart.c
 
Building file: ../src/system_LPC43xx.c
Invoking: MCU C Compiler
arm-none-eabi-gcc -DIPC_SLAVE -DPIXY -D__REDLIB__ -D__MULTICORE_NONE -DNDEBUG -D__CODE_RED -DCORE_M0 -DCR_PRINTF_CHAR -D__LPC43XX__ -I"C:\Users\tmelniko\Documents\GitHub\PixyFirmware\PixyFirmware\src\device\libpixy_m0\inc" -I../../common/inc -I../../../common/inc -O0 -g -Wall -c -fmessage-length=0 -fno-builtin -ffunction-sections -fdata-sections -mcpu=cortex-m0 -mthumb -D__REDLIB__ -specs=redlib.specs -MMD -MP -MF"src/system_LPC43xx.d" -MT"src/system_LPC43xx.o" -MT"src/system_LPC43xx.d" -o "src/system_LPC43xx.o" "../src/system_LPC43xx.c"
Finished building: ../src/system_LPC43xx.c
 
Building target: liblibpixy_m0.a
Invoking: MCU Archiver
arm-none-eabi-ar -r  "liblibpixy_m0.a"  ./src/chirp.o ./src/debug.o ./src/debug_frmwrk.o ./src/exec_m0.o ./src/frame_m0.o ./src/ipc_mbx.o ./src/lpc43xx_adc.o ./src/lpc43xx_cgu.o ./src/lpc43xx_i2c.o ./src/lpc43xx_scu.o ./src/lpc43xx_ssp.o ./src/lpc43xx_uart.o ./src/qqueue.o ./src/rls_m0.o ./src/smlink.o ./src/system_LPC43xx.o   
Finished building target: liblibpixy_m0.a
 
make --no-print-directory post-build
Performing post-build steps
arm-none-eabi-size "liblibpixy_m0.a" ; # arm-none-eabi-objdump -h -S "liblibpixy_m0.a" >"liblibpixy_m0.lss"
   text	   data	    bss	    dec	    hex	filename
   4932	      0	     32	   4964	   1364	chirp.o (ex liblibpixy_m0.a)
     40	      0	      0	     40	     28	debug.o (ex liblibpixy_m0.a)
   1727	      0	      0	   1727	    6bf	debug_frmwrk.o (ex liblibpixy_m0.a)
    288	      9	      2	    299	    12b	exec_m0.o (ex liblibpixy_m0.a)
   1677	      0	      0	   1677	    68d	frame_m0.o (ex liblibpixy_m0.a)
   1776	      0	      0	   1776	    6f0	ipc_mbx.o (ex liblibpixy_m0.a)
    804	      0	      0	    804	    324	lpc43xx_adc.o (ex liblibpixy_m0.a)
   4877	     68	      0	   4945	   1351	lpc43xx_cgu.o (ex liblibpixy_m0.a)
   4028	      0	     52	   4080	    ff0	lpc43xx_i2c.o (ex liblibpixy_m0.a)
     92	      0	      0	     92	     5c	lpc43xx_scu.o (ex liblibpixy_m0.a)
   1736	      0	      0	   1736	    6c8	lpc43xx_ssp.o (ex liblibpixy_m0.a)
   2616	      0	      0	   2616	    a38	lpc43xx_uart.o (ex liblibpixy_m0.a)
    168	      4	      0	    172	     ac	qqueue.o (ex liblibpixy_m0.a)
    828	      0	      4	    832	    340	rls_m0.o (ex liblibpixy_m0.a)
    244	      0	      0	    244	     f4	smlink.o (ex liblibpixy_m0.a)
     12	      0	      0	     12	      c	system_LPC43xx.o (ex liblibpixy_m0.a)
 

12:43:48 Build Finished (took 3s.281ms)

