21:07:21 **** Incremental Build of configuration Release for project libpixy_m4 ****
make -r all 
Building file: ../src/blobs.cpp
Invoking: MCU C++ Compiler
arm-none-eabi-c++ -D__MULTICORE_NONE -DIPC_MASTER -DPIXY -D__NEWLIB__ -DNDEBUG -D__CODE_RED -DCORE_M4 -D__LPC43XX__ -I"C:\Users\tmelniko\Documents\GitHub\PixyFirmware\PixyFirmware\src\device\libpixy_m4\inc" -I../../common/inc -I../../../common/inc -Os -Os -g -Wall -c -fmessage-length=0 -fno-builtin -ffunction-sections -fdata-sections -fno-rtti -fno-exceptions -fsingle-precision-constant -mcpu=cortex-m4 -mfpu=fpv4-sp-d16 -mfloat-abi=softfp -mthumb -D__NEWLIB__ -MMD -MP -MF"src/blobs.d" -MT"src/blobs.o" -MT"src/blobs.d" -o "src/blobs.o" "../src/blobs.cpp"
../src/blobs.cpp: In member function 'void Blobs::cleanup(BlobA**, int16_t*)':
../src/blobs.cpp:826:9: warning: 'maxEqualArea' may be used uninitialized in this function [-Wmaybe-uninitialized]
         if (lowerArea<=maxEqualArea && maxEqualArea<=upperArea)
         ^
../src/blobs.cpp: In member function 'int Blobs::runlengthAnalysis()':
../src/blobs.cpp:187:32: warning: 'segmentEndCol' may be used uninitialized in this function [-Wmaybe-uninitialized]
             res = handleSegment(segmentSig, row, segmentStartCol-1, segmentEndCol - segmentStartCol+1);
                                ^
../src/blobs.cpp:187:32: warning: 'segmentStartCol' may be used uninitialized in this function [-Wmaybe-uninitialized]
../src/blobs.cpp:166:29: warning: 'prevStartCol' may be used uninitialized in this function [-Wmaybe-uninitialized]
             merge = startCol-prevStartCol<=5 && prevSig==sig;
                             ^
../src/blobs.cpp:172:36: warning: 'prevSig' may be used uninitialized in this function [-Wmaybe-uninitialized]
             else if (segmentSig!=0 && (segmentSig!=sig || !merge))
                                    ^
Finished building: ../src/blobs.cpp
 
Building file: ../src/camera.cpp
Invoking: MCU C++ Compiler
arm-none-eabi-c++ -D__MULTICORE_NONE -DIPC_MASTER -DPIXY -D__NEWLIB__ -DNDEBUG -D__CODE_RED -DCORE_M4 -D__LPC43XX__ -I"C:\Users\tmelniko\Documents\GitHub\PixyFirmware\PixyFirmware\src\device\libpixy_m4\inc" -I../../common/inc -I../../../common/inc -Os -Os -g -Wall -c -fmessage-length=0 -fno-builtin -ffunction-sections -fdata-sections -fno-rtti -fno-exceptions -fsingle-precision-constant -mcpu=cortex-m4 -mfpu=fpv4-sp-d16 -mfloat-abi=softfp -mthumb -D__NEWLIB__ -MMD -MP -MF"src/camera.d" -MT"src/camera.o" -MT"src/camera.d" -o "src/camera.o" "../src/camera.cpp"
../src/camera.cpp:169:1: warning: deprecated conversion from string constant to 'char*' [-Wwrite-strings]
 };
 ^
../src/camera.cpp:169:1: warning: deprecated conversion from string constant to 'char*' [-Wwrite-strings]
../src/camera.cpp:169:1: warning: deprecated conversion from string constant to 'char*' [-Wwrite-strings]
../src/camera.cpp:169:1: warning: deprecated conversion from string constant to 'char*' [-Wwrite-strings]
../src/camera.cpp:169:1: warning: deprecated conversion from string constant to 'char*' [-Wwrite-strings]
../src/camera.cpp:169:1: warning: deprecated conversion from string constant to 'char*' [-Wwrite-strings]
../src/camera.cpp:169:1: warning: deprecated conversion from string constant to 'char*' [-Wwrite-strings]
../src/camera.cpp:169:1: warning: deprecated conversion from string constant to 'char*' [-Wwrite-strings]
../src/camera.cpp:169:1: warning: deprecated conversion from string constant to 'char*' [-Wwrite-strings]
../src/camera.cpp:169:1: warning: deprecated conversion from string constant to 'char*' [-Wwrite-strings]
../src/camera.cpp:169:1: warning: deprecated conversion from string constant to 'char*' [-Wwrite-strings]
../src/camera.cpp:169:1: warning: deprecated conversion from string constant to 'char*' [-Wwrite-strings]
../src/camera.cpp:169:1: warning: deprecated conversion from string constant to 'char*' [-Wwrite-strings]
../src/camera.cpp:169:1: warning: deprecated conversion from string constant to 'char*' [-Wwrite-strings]
../src/camera.cpp:169:1: warning: deprecated conversion from string constant to 'char*' [-Wwrite-strings]
../src/camera.cpp:169:1: warning: deprecated conversion from string constant to 'char*' [-Wwrite-strings]
../src/camera.cpp:169:1: warning: deprecated conversion from string constant to 'char*' [-Wwrite-strings]
../src/camera.cpp:169:1: warning: deprecated conversion from string constant to 'char*' [-Wwrite-strings]
../src/camera.cpp:169:1: warning: deprecated conversion from string constant to 'char*' [-Wwrite-strings]
../src/camera.cpp:169:1: warning: deprecated conversion from string constant to 'char*' [-Wwrite-strings]
../src/camera.cpp:169:1: warning: deprecated conversion from string constant to 'char*' [-Wwrite-strings]
../src/camera.cpp:169:1: warning: deprecated conversion from string constant to 'char*' [-Wwrite-strings]
../src/camera.cpp:169:1: warning: deprecated conversion from string constant to 'char*' [-Wwrite-strings]
../src/camera.cpp:169:1: warning: deprecated conversion from string constant to 'char*' [-Wwrite-strings]
../src/camera.cpp:169:1: warning: deprecated conversion from string constant to 'char*' [-Wwrite-strings]
../src/camera.cpp:169:1: warning: deprecated conversion from string constant to 'char*' [-Wwrite-strings]
../src/camera.cpp:169:1: warning: deprecated conversion from string constant to 'char*' [-Wwrite-strings]
../src/camera.cpp:169:1: warning: deprecated conversion from string constant to 'char*' [-Wwrite-strings]
../src/camera.cpp:169:1: warning: deprecated conversion from string constant to 'char*' [-Wwrite-strings]
../src/camera.cpp:169:1: warning: deprecated conversion from string constant to 'char*' [-Wwrite-strings]
../src/camera.cpp:169:1: warning: deprecated conversion from string constant to 'char*' [-Wwrite-strings]
../src/camera.cpp:169:1: warning: deprecated conversion from string constant to 'char*' [-Wwrite-strings]
../src/camera.cpp:169:1: warning: deprecated conversion from string constant to 'char*' [-Wwrite-strings]
../src/camera.cpp:169:1: warning: deprecated conversion from string constant to 'char*' [-Wwrite-strings]
../src/camera.cpp:169:1: warning: deprecated conversion from string constant to 'char*' [-Wwrite-strings]
../src/camera.cpp:169:1: warning: deprecated conversion from string constant to 'char*' [-Wwrite-strings]
../src/camera.cpp: In function 'void cam_setRegs(const uint8_t*, int)':
../src/camera.cpp:570:17: warning: unused variable 'q' [-Wunused-variable]
    volatile int q = 0;
                 ^
Finished building: ../src/camera.cpp
 
Building file: ../src/colorlut.cpp
Invoking: MCU C++ Compiler
arm-none-eabi-c++ -D__MULTICORE_NONE -DIPC_MASTER -DPIXY -D__NEWLIB__ -DNDEBUG -D__CODE_RED -DCORE_M4 -D__LPC43XX__ -I"C:\Users\tmelniko\Documents\GitHub\PixyFirmware\PixyFirmware\src\device\libpixy_m4\inc" -I../../common/inc -I../../../common/inc -Os -Os -g -Wall -c -fmessage-length=0 -fno-builtin -ffunction-sections -fdata-sections -fno-rtti -fno-exceptions -fsingle-precision-constant -mcpu=cortex-m4 -mfpu=fpv4-sp-d16 -mfloat-abi=softfp -mthumb -D__NEWLIB__ -MMD -MP -MF"src/colorlut.d" -MT"src/colorlut.o" -MT"src/colorlut.d" -o "src/colorlut.o" "../src/colorlut.cpp"
In file included from ../../../common/inc/colorlut.h:19:0,
                 from ../src/colorlut.cpp:22:
../../../common/inc/simplevector.h: In member function 'int SimpleVector<Object>::push_back(const Object&) [with Object = Point16]':
../../../common/inc/simplevector.h:36:9: warning: assuming signed overflow does not occur when assuming that (X + c) < X is always false [-Wstrict-overflow]
         if(newCapacity < m_size)
         ^
Finished building: ../src/colorlut.cpp
 
Building file: ../src/param.cpp
Invoking: MCU C++ Compiler
arm-none-eabi-c++ -D__MULTICORE_NONE -DIPC_MASTER -DPIXY -D__NEWLIB__ -DNDEBUG -D__CODE_RED -DCORE_M4 -D__LPC43XX__ -I"C:\Users\tmelniko\Documents\GitHub\PixyFirmware\PixyFirmware\src\device\libpixy_m4\inc" -I../../common/inc -I../../../common/inc -Os -Os -g -Wall -c -fmessage-length=0 -fno-builtin -ffunction-sections -fdata-sections -fno-rtti -fno-exceptions -fsingle-precision-constant -mcpu=cortex-m4 -mfpu=fpv4-sp-d16 -mfloat-abi=softfp -mthumb -D__NEWLIB__ -MMD -MP -MF"src/param.d" -MT"src/param.o" -MT"src/param.d" -o "src/param.o" "../src/param.cpp"
../src/param.cpp:99:1: warning: deprecated conversion from string constant to 'char*' [-Wwrite-strings]
 };
 ^
../src/param.cpp:99:1: warning: deprecated conversion from string constant to 'char*' [-Wwrite-strings]
../src/param.cpp:99:1: warning: deprecated conversion from string constant to 'char*' [-Wwrite-strings]
../src/param.cpp:99:1: warning: deprecated conversion from string constant to 'char*' [-Wwrite-strings]
../src/param.cpp:99:1: warning: deprecated conversion from string constant to 'char*' [-Wwrite-strings]
../src/param.cpp:99:1: warning: deprecated conversion from string constant to 'char*' [-Wwrite-strings]
../src/param.cpp:99:1: warning: deprecated conversion from string constant to 'char*' [-Wwrite-strings]
../src/param.cpp:99:1: warning: deprecated conversion from string constant to 'char*' [-Wwrite-strings]
../src/param.cpp:99:1: warning: deprecated conversion from string constant to 'char*' [-Wwrite-strings]
../src/param.cpp:99:1: warning: deprecated conversion from string constant to 'char*' [-Wwrite-strings]
../src/param.cpp:99:1: warning: deprecated conversion from string constant to 'char*' [-Wwrite-strings]
../src/param.cpp:99:1: warning: deprecated conversion from string constant to 'char*' [-Wwrite-strings]
../src/param.cpp:99:1: warning: deprecated conversion from string constant to 'char*' [-Wwrite-strings]
../src/param.cpp:99:1: warning: deprecated conversion from string constant to 'char*' [-Wwrite-strings]
../src/param.cpp:99:1: warning: deprecated conversion from string constant to 'char*' [-Wwrite-strings]
../src/param.cpp:99:1: warning: deprecated conversion from string constant to 'char*' [-Wwrite-strings]
../src/param.cpp: In function 'uint32_t prm_nextFree()':
../src/param.cpp:311:10: warning: converting to non-pointer type 'uint32_t {aka long unsigned int}' from NULL [-Wconversion-null]
   return NULL;
          ^
../src/param.cpp: In function 'int prm_add(const char*, uint32_t, const char*, ...)':
../src/param.cpp:490:32: warning: NULL used in arithmetic [-Wpointer-arith]
  if ((freeLoc=prm_nextFree())==NULL)
                                ^
In file included from ../src/param.cpp:23:0:
../../../common/inc/simplevector.h: In function 'int prm_setShadowCallback(const char*, ShadowCallback)':
../../../common/inc/simplevector.h:36:9: warning: assuming signed overflow does not occur when assuming that (X + c) < X is always false [-Wstrict-overflow]
         if(newCapacity < m_size)
         ^
Finished building: ../src/param.cpp
 
Building file: ../src/pixy_init.cpp
Invoking: MCU C++ Compiler
arm-none-eabi-c++ -D__MULTICORE_NONE -DIPC_MASTER -DPIXY -D__NEWLIB__ -DNDEBUG -D__CODE_RED -DCORE_M4 -D__LPC43XX__ -I"C:\Users\tmelniko\Documents\GitHub\PixyFirmware\PixyFirmware\src\device\libpixy_m4\inc" -I../../common/inc -I../../../common/inc -Os -Os -g -Wall -c -fmessage-length=0 -fno-builtin -ffunction-sections -fdata-sections -fno-rtti -fno-exceptions -fsingle-precision-constant -mcpu=cortex-m4 -mfpu=fpv4-sp-d16 -mfloat-abi=softfp -mthumb -D__NEWLIB__ -MMD -MP -MF"src/pixy_init.d" -MT"src/pixy_init.o" -MT"src/pixy_init.d" -o "src/pixy_init.o" "../src/pixy_init.cpp"
Finished building: ../src/pixy_init.cpp
 
Building file: ../src/rcservo.cpp
Invoking: MCU C++ Compiler
arm-none-eabi-c++ -D__MULTICORE_NONE -DIPC_MASTER -DPIXY -D__NEWLIB__ -DNDEBUG -D__CODE_RED -DCORE_M4 -D__LPC43XX__ -I"C:\Users\tmelniko\Documents\GitHub\PixyFirmware\PixyFirmware\src\device\libpixy_m4\inc" -I../../common/inc -I../../../common/inc -Os -Os -g -Wall -c -fmessage-length=0 -fno-builtin -ffunction-sections -fdata-sections -fno-rtti -fno-exceptions -fsingle-precision-constant -mcpu=cortex-m4 -mfpu=fpv4-sp-d16 -mfloat-abi=softfp -mthumb -D__NEWLIB__ -MMD -MP -MF"src/rcservo.d" -MT"src/rcservo.o" -MT"src/rcservo.d" -o "src/rcservo.o" "../src/rcservo.cpp"
../src/rcservo.cpp:72:1: warning: deprecated conversion from string constant to 'char*' [-Wwrite-strings]
 }; 
 ^
../src/rcservo.cpp:72:1: warning: deprecated conversion from string constant to 'char*' [-Wwrite-strings]
../src/rcservo.cpp:72:1: warning: deprecated conversion from string constant to 'char*' [-Wwrite-strings]
../src/rcservo.cpp:72:1: warning: deprecated conversion from string constant to 'char*' [-Wwrite-strings]
../src/rcservo.cpp:72:1: warning: deprecated conversion from string constant to 'char*' [-Wwrite-strings]
../src/rcservo.cpp:72:1: warning: deprecated conversion from string constant to 'char*' [-Wwrite-strings]
../src/rcservo.cpp:72:1: warning: deprecated conversion from string constant to 'char*' [-Wwrite-strings]
../src/rcservo.cpp:72:1: warning: deprecated conversion from string constant to 'char*' [-Wwrite-strings]
../src/rcservo.cpp:72:1: warning: deprecated conversion from string constant to 'char*' [-Wwrite-strings]
../src/rcservo.cpp:72:1: warning: deprecated conversion from string constant to 'char*' [-Wwrite-strings]
Finished building: ../src/rcservo.cpp
 
Building target: liblibpixy_m4.a
Invoking: MCU Archiver
arm-none-eabi-ar -r  "liblibpixy_m4.a"  ./src/blob.o ./src/blobs.o ./src/calc.o ./src/camera.o ./src/chirp.o ./src/colorlut.o ./src/debug_frmwrk.o ./src/flash.o ./src/fpu_init.o ./src/ipc_mbx.o ./src/led.o ./src/lpc43xx_adc.o ./src/lpc43xx_cgu.o ./src/lpc43xx_i2c.o ./src/lpc43xx_scu.o ./src/lpc43xx_ssp.o ./src/lpc43xx_timer.o ./src/lpc43xx_uart.o ./src/misc.o ./src/param.o ./src/pixy_init.o ./src/platform_config.o ./src/power.o ./src/qqueue.o ./src/rcservo.o ./src/sccb.o ./src/smlink.o ./src/system_LPC43xx.o ./src/usbcore.o ./src/usbdesc.o ./src/usbhw.o ./src/usblink.o ./src/usbuser.o   
Finished building target: liblibpixy_m4.a
 
make --no-print-directory post-build
Performing post-build steps
arm-none-eabi-size "liblibpixy_m4.a" ; # arm-none-eabi-objdump -h -S "liblibpixy_m4.a" >"liblibpixy_m4.lss"
   text	   data	    bss	    dec	    hex	filename
   1111	      0	      7	   1118	    45e	blob.o (ex liblibpixy_m4.a)
   4612	      0	      0	   4612	   1204	blobs.o (ex liblibpixy_m4.a)
    368	      0	      0	    368	    170	calc.o (ex liblibpixy_m4.a)
   5073	     10	     21	   5104	   13f0	camera.o (ex liblibpixy_m4.a)
   4528	      0	      0	   4528	   11b0	chirp.o (ex liblibpixy_m4.a)
   2874	      0	      0	   2874	    b3a	colorlut.o (ex liblibpixy_m4.a)
    800	      0	      0	    800	    320	debug_frmwrk.o (ex liblibpixy_m4.a)
    200	      0	      0	    200	     c8	flash.o (ex liblibpixy_m4.a)
     72	      0	      0	     72	     48	fpu_init.o (ex liblibpixy_m4.a)
    678	      0	      0	    678	    2a6	ipc_mbx.o (ex liblibpixy_m4.a)
   1673	      0	     33	   1706	    6aa	led.o (ex liblibpixy_m4.a)
    278	      0	      0	    278	    116	lpc43xx_adc.o (ex liblibpixy_m4.a)
   2849	     68	      0	   2917	    b65	lpc43xx_cgu.o (ex liblibpixy_m4.a)
   1972	      0	     52	   2024	    7e8	lpc43xx_i2c.o (ex liblibpixy_m4.a)
     20	      0	      0	     20	     14	lpc43xx_scu.o (ex liblibpixy_m4.a)
    734	      0	      0	    734	    2de	lpc43xx_ssp.o (ex liblibpixy_m4.a)
    730	      0	      0	    730	    2da	lpc43xx_timer.o (ex liblibpixy_m4.a)
   1406	      0	      0	   1406	    57e	lpc43xx_uart.o (ex liblibpixy_m4.a)
    288	      0	      4	    292	    124	misc.o (ex liblibpixy_m4.a)
   2890	      4	     13	   2907	    b5b	param.o (ex liblibpixy_m4.a)
    962	      0	     13	    975	    3cf	pixy_init.o (ex liblibpixy_m4.a)
    934	      0	      0	    934	    3a6	platform_config.o (ex liblibpixy_m4.a)
    553	      0	      0	    553	    229	power.o (ex liblibpixy_m4.a)
    268	      0	      0	    268	    10c	qqueue.o (ex liblibpixy_m4.a)
   2272	      0	     12	   2284	    8ec	rcservo.o (ex liblibpixy_m4.a)
    558	      0	      0	    558	    22e	sccb.o (ex liblibpixy_m4.a)
    242	      0	      0	    242	     f2	smlink.o (ex liblibpixy_m4.a)
      2	      0	      0	      2	      2	system_LPC43xx.o (ex liblibpixy_m4.a)
   1874	      0	      0	   1874	    752	usbcore.o (ex liblibpixy_m4.a)
    296	      0	      0	    296	    128	usbdesc.o (ex liblibpixy_m4.a)
   1790	      0	     20	   1810	    712	usbhw.o (ex liblibpixy_m4.a)
    354	      0	     68	    422	    1a6	usblink.o (ex liblibpixy_m4.a)
    523	      0	     38	    561	    231	usbuser.o (ex liblibpixy_m4.a)
 

21:07:27 Build Finished (took 5s.229ms)

