11:03:54 **** Incremental Build of configuration Release for project main_m0 ****
make -r all 
Building target: main_m0.axf
Invoking: MCU Linker
arm-none-eabi-gcc -nostdlib -L"C:\Users\tmelniko\Documents\GitHub\PixyFirmware\PixyFirmware\src\device\libpixy_m0\Release" -Xlinker -Map="main_m0.map" -Xlinker --gc-sections -mcpu=cortex-m0 -mthumb -T "main_m0_Release.ld" -o "main_m0.axf"  ./src/cr_startup_lpc43xx-m0app.o ./src/main_m0.o   -llibpixy_m0 && arm-none-eabi-objcopy --target elf32-littlearm --verbose --strip-all --remove-section=.ARM.attributes --redefine-sym __vectors_start__=__vectors_start___core_m0app --keep-symbol __vectors_start___core_m0app --redefine-sym _data=__start_data_core_m0app --keep-symbol __start_data_core_m0app --redefine-sym _edata=__end_data_core_m0app --keep-symbol __end_data_core_m0app --remove-section=".bss*" --remove-section=".noinit*" --rename-section .ARM.exidx=".core_m0app.ARM.exidx" --rename-section .ARM.extab=".core_m0app.ARM.extab" --rename-section .text=".core_m0app" --rename-section .data=".core_m0app.data" --rename-section .data_RAM2=".core_m0app.data_RAM2" --rename-section .data_RAM3=".core_m0app.data_RAM3" --rename-section .data_RAM4=".core_m0app.data_RAM4" --rename-section .data_RAM5=".core_m0app.data_RAM5" "main_m0.axf" "main_m0.axf.o"
copy from `main_m0.axf' [elf32-littlearm] to `main_m0.axf.o' [elf32-littlearm]
Finished building target: main_m0.axf
 
make --no-print-directory post-build
Performing post-build steps
arm-none-eabi-size "main_m0.axf"; # arm-none-eabi-objcopy -v -O binary "main_m0.axf" "main_m0.bin" ; # checksum -p LPC4330_M0 -d "main_m0.bin";
   text	   data	    bss	    dec	    hex	filename
   8640	     16	     48	   8704	   2200	main_m0.axf
 

11:03:55 Build Finished (took 667ms)

